components/TraceabilityView.tsx(265,87): error TS2339: Property 'verified_by' does not exist on type 'Batch'.
